// Vitest Snapshot v1, https://vitest.dev/guide/snapshot.html

exports[`thread page snapshot 1`] = `"<main class="max-w-2xl mx-auto p-4"><h1 class="text-2xl font-bold mb-4">Test Thread</h1><p class="text-sm text-gray-500">By <!-- -->Tester</p><div class="mt-4 space-y-2"><div class="border p-2 rounded"><p>First message</p><p class="text-xs text-gray-500">— <!-- -->Alice</p></div><div class="border p-2 rounded"><p>Second message</p><p class="text-xs text-gray-500">— <!-- -->Bob</p></div></div></main>"`;
